Microchip MPLAB XC8 Compiler V2.41

Linker command line:

-W-3 \
  --edf=C:/Program Files/Microchip/MPLABX/v6.15/packs/Microchip/PIC18Fxxxx_DFP/1.4.151/xc8\pic\dat\20230323171731_en.msgs \
  -cn -h+dist/default/debug\Project_One.debug.sym \
  --cmf=dist/default/debug\Project_One.debug.cmf -z -Q18F4620 \
  -oC:\Users\DELL\AppData\Local\Temp\xcAs26c.\driver_tmp_3.o \
  --defsym=__MPLAB_BUILD=1 --fixupoverflow=error \
  -Mdist/default/debug/Project_One.debug.map \
  --md=C:\Users\DELL\AppData\Local\Temp\xcAs26c.\driver_tmp_0.dat -E1 \
  -ver=XC8 Compiler --acfsm=1493 -ACODE=00h-0FFFFh -ACONST=00h-0FFFFh \
  -ASMALLCONST=01000h-010FFhx240 -AMEDIUMCONST=01000h-0FFFFh \
  -ACOMRAM=01h-07Fh -AABS1=00h-0F7Fh -ABIGRAM=01h-0F7Fh \
  -ARAM=080h-0FFh,0100h-01FFhx14,0F00h-0F7Fh -ABANK0=080h-0FFh \
  -ABANK1=0100h-01FFh -ABANK2=0200h-02FFh -ABANK3=0300h-03FFh \
  -ABANK4=0400h-04FFh -ABANK5=0500h-05FFh -ABANK6=0600h-06FFh \
  -ABANK7=0700h-07FFh -ABANK8=0800h-08FFh -ABANK9=0900h-09FFh \
  -ABANK10=0A00h-0AFFh -ABANK11=0B00h-0BFFh -ABANK12=0C00h-0CFFh \
  -ABANK13=0D00h-0DFFh -ABANK14=0E00h-0EFFh -ABANK15=0F00h-0F7Fh \
  -ASFR=0F80h-0FFFh -ABIGSFR=0F80h-0FFFh -ACONFIG=0300000h-030000Dh \
  -AIDLOC=0200000h-0200007h -AEEDATA=0F00000h-0F003FFh -peeprom_data=EEDATA \
  -preset_vec=00h,intcode,intcodelo,powerup,init -pramtop=01000h \
  -psmallconst=SMALLCONST -pmediumconst=MEDIUMCONST -pconst=CONST \
  -AFARRAM=00h-00h \
  -prdata=COMRAM,nvrram=COMRAM,nvbit=COMRAM,rbss=COMRAM,rbit=COMRAM \
  -pfarbss=FARRAM,fardata=FARRAM,nvFARRAM=FARRAM \
  -pintsave_regs=BIGRAM,bigbss=BIGRAM,bigdata=BIGRAM -pbss=RAM \
  -pidata=CODE,irdata=CODE,ibigdata=CODE,ifardata=CODE -prparam=COMRAM \
  C:\Users\DELL\AppData\Local\Temp\xcAs26c.\driver_tmp_14.o \
  dist/default/debug\Project_One.debug.o 

Object code version is 3.11

Machine type is 18F4620



                Name                               Link     Load   Length Selector   Space Scale
C:\Users\DELL\AppData\Local\Temp\xcAs26c.\driver_tmp_14.o
                config                           300000   300000        E        0       4
                init                                  0        0        4        0       0
dist/default/debug\Project_One.debug.o
                config                           300000   300000        E        0       4
                smallconst                         1000     1000       36      800       0
                text33                             1340     1340      144      81B       0
                text32                             1484     1484      13C      81B       0
                text31                             2272     2272       6C      81B       0
                text30                             24FC     24FC       3C      81B       0
                text29                             22DE     22DE       68      81B       0
                text28                             2124     2124       72      81B       0
                text27                             1812     1812      128      81B       0
                text26                             24C0     24C0       3C      81B       0
                text25                             1E0E     1E0E       90      81B       0
                text24                             16EA     16EA      128      81B       0
                text23                             25A0     25A0       1A      81B       0
                text22                             25C0     25C0        6      81B       0
                text21                             11CA     11CA      176      81B       0
                text20                             1A04     1A04       C4      81B       0
                text19                             1B7E     1B7E       B0      81B       0
                text18                             2480     2480       40      81B       0
                text17                             25C6     25C6        2      81B       0
                text16                             193A     193A       CA      81B       0
                text15                             243C     243C       44      81B       0
                text14                             2038     2038       7A      81B       0
                text13                             1036     1036      194      81B       0
                text12                             15C0     15C0      12A      81B       0
                text11                             23A0     23A0       50      81B       0
                text10                             23F0     23F0       4C      81B       0
                text9                              2346     2346       5A      81B       0
                text8                              20B2     20B2       72      81B       0
                text7                              1CD6     1CD6       A8      81B       0
                text6                              2204     2204       6E      81B       0
                text5                              1F2C     1F2C       8E      81B       0
                text4                              1D7E     1D7E       90      81B       0
                text3                              1C2E     1C2E       A8      81B       0
                text2                              2196     2196       6E      81B       0
                text1                              1E9E     1E9E       8E      81B       0
                text0                              1AC8     1AC8       B6      81B       0
                cstackCOMRAM                          1        1       6D        1       1
                dataBANK1                           100      100       30      100       1
                dataBANK0                            80       80       38       80       1
                bssBANK0                             B8       B8       20       80       1
                dataCOMRAM                           7A       7A        6        1       1
                bssCOMRAM                            6E       6E        C        1       1
                cinit                              1FBA     1FBA       7E      81B       0
                idataBANK1                         2570     2570       30      81B       0
                idataBANK0                         2538     2538       38      81B       0
                idataCOMRAM                        25BA     25BA        6      81B       0

TOTAL           Name                               Link     Load   Length     Space
        CLASS   CODE           
                init                                  0        0        4         0
                text33                             1340     1340      144         0
                text32                             1484     1484      13C         0
                text31                             2272     2272       6C         0
                text30                             24FC     24FC       3C         0
                text29                             22DE     22DE       68         0
                text28                             2124     2124       72         0
                text27                             1812     1812      128         0
                text26                             24C0     24C0       3C         0
                text25                             1E0E     1E0E       90         0
                text24                             16EA     16EA      128         0
                text23                             25A0     25A0       1A         0
                text22                             25C0     25C0        6         0
                text21                             11CA     11CA      176         0
                text20                             1A04     1A04       C4         0
                text19                             1B7E     1B7E       B0         0
                text18                             2480     2480       40         0
                text17                             25C6     25C6        2         0
                text16                             193A     193A       CA         0
                text15                             243C     243C       44         0
                text14                             2038     2038       7A         0
                text13                             1036     1036      194         0
                text12                             15C0     15C0      12A         0
                text11                             23A0     23A0       50         0
                text10                             23F0     23F0       4C         0
                text9                              2346     2346       5A         0
                text8                              20B2     20B2       72         0
                text7                              1CD6     1CD6       A8         0
                text6                              2204     2204       6E         0
                text5                              1F2C     1F2C       8E         0
                text4                              1D7E     1D7E       90         0
                text3                              1C2E     1C2E       A8         0
                text2                              2196     2196       6E         0
                text1                              1E9E     1E9E       8E         0
                text0                              1AC8     1AC8       B6         0
                cinit                              1FBA     1FBA       7E         0
                idataBANK1                         2570     2570       30         0
                idataBANK0                         2538     2538       38         0
                idataCOMRAM                        25BA     25BA        6         0

        CLASS   CONST          

        CLASS   SMALLCONST     
                smallconst                         1000     1000       36         0

        CLASS   MEDIUMCONST    

        CLASS   COMRAM         
                cstackCOMRAM                          1        1       6D         1
                dataCOMRAM                           7A       7A        6         1
                bssCOMRAM                            6E       6E        C         1

        CLASS   ABS1           

        CLASS   BIGRAM         

        CLASS   RAM            

        CLASS   BANK0          
                dataBANK0                            80       80       38         1
                bssBANK0                             B8       B8       20         1

        CLASS   BANK1          
                dataBANK1                           100      100       30         1

        CLASS   BANK2          

        CLASS   BANK3          

        CLASS   BANK4          

        CLASS   BANK5          

        CLASS   BANK6          

        CLASS   BANK7          

        CLASS   BANK8          

        CLASS   BANK9          

        CLASS   BANK10         

        CLASS   BANK11         

        CLASS   BANK12         

        CLASS   BANK13         

        CLASS   BANK14         

        CLASS   BANK15         

        CLASS   SFR            

        CLASS   BIGSFR         

        CLASS   CONFIG         
                config                           300000   300000        E         4

        CLASS   IDLOC          

        CLASS   EEDATA         

        CLASS   FARRAM         

        CLASS   HEAP           

        CLASS   STACK          



SEGMENTS        Name                           Load    Length   Top    Selector   Space  Class

                reset_vec                      000000  000004  000004         0       0  CODE    
                cstackCOMRAM                   000001  00007F  000080         1       1  COMRAM  
                dataBANK0                      000080  000058  0000D8        80       1  BANK0   
                dataBANK1                      000100  000030  000130       100       1  BANK1   
                smallconst                     001000  000036  001036       800       0  SMALLCON
                text13                         001036  001592  0025C8       81B       0  CODE    


UNUSED ADDRESS RANGES

        Name                Unused          Largest block    Delta
        BANK0            0000D8-0000FF               28
        BANK1            000130-0001FF               D0
        BANK10           000A00-000AFF              100
        BANK11           000B00-000BFF              100
        BANK12           000C00-000CFF              100
        BANK13           000D00-000DFF              100
        BANK14           000E00-000EFF              100
        BANK15           000F00-000F7F               80
        BANK2            000200-0002FF              100
        BANK3            000300-0003FF              100
        BANK4            000400-0004FF              100
        BANK5            000500-0005FF              100
        BANK6            000600-0006FF              100
        BANK7            000700-0007FF              100
        BANK8            000800-0008FF              100
        BANK9            000900-0009FF              100
        BIGRAM           0000D8-0000FF               28
                         000130-000F7F              E50
        BIGSFR           000F80-000FFF               80
        CODE             000004-000FFF              FFC
                         0025C8-00FFFF             DA38
        CONST            000004-000FFF              FFC
                         0025C8-00FFFF             DA38
        EEDATA           F00000-F003FF              400
        IDLOC            200000-200007                8
        MEDIUMCONST      0025C8-00FFFF             DA38
        RAM              0000D8-0000FF               28
                         000130-000F7F              100
        SFR              000F80-000FFF               80
        SMALLCONST       0025C8-00FFFF              100

                                  Symbol Table

?___awdiv                                cstackCOMRAM 000001
?___awmod                                cstackCOMRAM 000001
?_abs                                    cstackCOMRAM 000007
?_sprintf                                cstackCOMRAM 00003F
?_vfprintf                               cstackCOMRAM 000037
Relay_Initialize@F3042                   bssCOMRAM    000075
Relay_Turn_OFF@F3052                     bssCOMRAM    000073
Relay_Turn_ON@F3047                      bssCOMRAM    000074
_ECU_Layer_initialize                    text23       0025A0
_LATA                                    (abs)        000F89
_LATB                                    (abs)        000F8A
_LATC                                    (abs)        000F8B
_LATD                                    (abs)        000F8C
_LATE                                    (abs)        000F8D
_PORTA                                   (abs)        000F80
_PORTB                                   (abs)        000F81
_PORTC                                   (abs)        000F82
_PORTD                                   (abs)        000F83
_PORTE                                   (abs)        000F84
_TRISA                                   (abs)        000F92
_TRISB                                   (abs)        000F93
_TRISC                                   (abs)        000F94
_TRISD                                   (abs)        000F95
_TRISE                                   (abs)        000F96
__HRAM                                   (abs)        000000
__H__absolute__                          __absolute__ 000000
__Habs1                                  abs1         000000
__Hbank0                                 bank0        000000
__Hbank1                                 bank1        000000
__Hbank10                                bank10       000000
__Hbank11                                bank11       000000
__Hbank12                                bank12       000000
__Hbank13                                bank13       000000
__Hbank14                                bank14       000000
__Hbank15                                bank15       000000
__Hbank2                                 bank2        000000
__Hbank3                                 bank3        000000
__Hbank4                                 bank4        000000
__Hbank5                                 bank5        000000
__Hbank6                                 bank6        000000
__Hbank7                                 bank7        000000
__Hbank8                                 bank8        000000
__Hbank9                                 bank9        000000
__Hbigbss                                bigbss       000000
__Hbigdata                               bigdata      000000
__Hbigram                                bigram       000000
__Hbigsfr                                bigsfr       000000
__Hbss                                   bss          000000
__HbssBANK0                              bssBANK0     000000
__HbssCOMRAM                             bssCOMRAM    000000
__Hcinit                                 cinit        000000
__Hclrtext                               clrtext      000000
__Hcomram                                comram       000000
__Hconfig                                config       30000E
__Hconst                                 const        000000
__HcstackCOMRAM                          cstackCOMRAM 000000
__Hdata                                  data         000000
__HdataBANK0                             dataBANK0    000000
__HdataBANK1                             dataBANK1    000000
__HdataCOMRAM                            dataCOMRAM   000000
__Heeprom_data                           eeprom_data  000000
__Hfarbss                                farbss       000000
__Hfardata                               fardata      000000
__Hheap                                  heap         000000
__Hibigdata                              ibigdata     000000
__Hidata                                 idata        000000
__HidataBANK0                            idataBANK0   000000
__HidataBANK1                            idataBANK1   000000
__HidataCOMRAM                           idataCOMRAM  000000
__Hidloc                                 idloc        000000
__Hifardata                              ifardata     000000
__Hinit                                  init         000004
__Hintcode                               intcode      000000
__Hintcode_body                          intcode_body 000000
__Hintcodelo                             intcodelo    000000
__Hintentry                              intentry     000000
__Hintret                                intret       000000
__Hintsave_regs                          intsave_regs 000000
__Hirdata                                irdata       000000
__Hmediumconst                           mediumconst  000000
__HnvFARRAM                              nvFARRAM     000000
__Hnvbit                                 nvbit        000000
__Hnvrram                                nvrram       000000
__Hparam                                 rparam       000000
__Hpowerup                               powerup      000000
__Hram                                   ram          000000
__Hramtop                                ramtop       001000
__Hrbit                                  rbit         000000
__Hrbss                                  rbss         000000
__Hrdata                                 rdata        000000
__Hreset_vec                             reset_vec    000000
__Hrparam                                rparam       000000
__Hsfr                                   sfr          000000
__Hsmallconst                            smallconst   001036
__Hspace_0                               (abs)        0025C8
__Hspace_1                               (abs)        000130
__Hspace_2                               (abs)        000000
__Hspace_4                               (abs)        60000E
__Hstack                                 stack        000000
__Hstruct                                struct       000000
__Htemp                                  temp         000000
__Htext                                  text         000000
__Htext0                                 text0        000000
__Htext1                                 text1        000000
__Htext10                                text10       000000
__Htext11                                text11       000000
__Htext12                                text12       000000
__Htext13                                text13       000000
__Htext14                                text14       000000
__Htext15                                text15       000000
__Htext16                                text16       000000
__Htext17                                text17       000000
__Htext18                                text18       000000
__Htext19                                text19       000000
__Htext2                                 text2        000000
__Htext20                                text20       000000
__Htext21                                text21       000000
__Htext22                                text22       000000
__Htext23                                text23       000000
__Htext24                                text24       000000
__Htext25                                text25       000000
__Htext26                                text26       000000
__Htext27                                text27       000000
__Htext28                                text28       000000
__Htext29                                text29       000000
__Htext3                                 text3        000000
__Htext30                                text30       000000
__Htext31                                text31       000000
__Htext32                                text32       000000
__Htext33                                text33       000000
__Htext4                                 text4        000000
__Htext5                                 text5        000000
__Htext6                                 text6        000000
__Htext7                                 text7        000000
__Htext8                                 text8        000000
__Htext9                                 text9        000000
__LRAM                                   (abs)        000001
__L__absolute__                          __absolute__ 000000
__Labs1                                  abs1         000000
__Lbank0                                 bank0        000000
__Lbank1                                 bank1        000000
__Lbank10                                bank10       000000
__Lbank11                                bank11       000000
__Lbank12                                bank12       000000
__Lbank13                                bank13       000000
__Lbank14                                bank14       000000
__Lbank15                                bank15       000000
__Lbank2                                 bank2        000000
__Lbank3                                 bank3        000000
__Lbank4                                 bank4        000000
__Lbank5                                 bank5        000000
__Lbank6                                 bank6        000000
__Lbank7                                 bank7        000000
__Lbank8                                 bank8        000000
__Lbank9                                 bank9        000000
__Lbigbss                                bigbss       000000
__Lbigdata                               bigdata      000000
__Lbigram                                bigram       000000
__Lbigsfr                                bigsfr       000000
__Lbss                                   bss          000000
__LbssBANK0                              bssBANK0     000000
__LbssCOMRAM                             bssCOMRAM    000000
__Lcinit                                 cinit        000000
__Lclrtext                               clrtext      000000
__Lcomram                                comram       000000
__Lconfig                                config       000000
__Lconst                                 const        000000
__LcstackCOMRAM                          cstackCOMRAM 000000
__Ldata                                  data         000000
__LdataBANK0                             dataBANK0    000000
__LdataBANK1                             dataBANK1    000000
__LdataCOMRAM                            dataCOMRAM   000000
__Leeprom_data                           eeprom_data  000000
__Lfarbss                                farbss       000000
__Lfardata                               fardata      000000
__Lheap                                  heap         000000
__Libigdata                              ibigdata     000000
__Lidata                                 idata        000000
__LidataBANK0                            idataBANK0   000000
__LidataBANK1                            idataBANK1   000000
__LidataCOMRAM                           idataCOMRAM  000000
__Lidloc                                 idloc        000000
__Lifardata                              ifardata     000000
__Linit                                  init         000000
__Lintcode                               intcode      000000
__Lintcode_body                          intcode_body 000000
__Lintcodelo                             intcodelo    000000
__Lintentry                              intentry     000000
__Lintret                                intret       000000
__Lintsave_regs                          intsave_regs 000000
__Lirdata                                irdata       000000
__Lmediumconst                           mediumconst  000000
__LnvFARRAM                              nvFARRAM     000000
__Lnvbit                                 nvbit        000000
__Lnvrram                                nvrram       000000
__Lparam                                 rparam       000000
__Lpowerup                               powerup      000000
__Lram                                   ram          000000
__Lramtop                                ramtop       001000
__Lrbit                                  rbit         000000
__Lrbss                                  rbss         000000
__Lrdata                                 rdata        000000
__Lreset_vec                             reset_vec    000000
__Lrparam                                rparam       000000
__Lsfr                                   sfr          000000
__Lsmallconst                            smallconst   001000
__Lspace_0                               (abs)        000000
__Lspace_1                               (abs)        000000
__Lspace_2                               (abs)        000000
__Lspace_4                               (abs)        000000
__Lstack                                 stack        000000
__Lstruct                                struct       000000
__Ltemp                                  temp         000000
__Ltext                                  text         000000
__Ltext0                                 text0        000000
__Ltext1                                 text1        000000
__Ltext10                                text10       000000
__Ltext11                                text11       000000
__Ltext12                                text12       000000
__Ltext13                                text13       000000
__Ltext14                                text14       000000
__Ltext15                                text15       000000
__Ltext16                                text16       000000
__Ltext17                                text17       000000
__Ltext18                                text18       000000
__Ltext19                                text19       000000
__Ltext2                                 text2        000000
__Ltext20                                text20       000000
__Ltext21                                text21       000000
__Ltext22                                text22       000000
__Ltext23                                text23       000000
__Ltext24                                text24       000000
__Ltext25                                text25       000000
__Ltext26                                text26       000000
__Ltext27                                text27       000000
__Ltext28                                text28       000000
__Ltext29                                text29       000000
__Ltext3                                 text3        000000
__Ltext30                                text30       000000
__Ltext31                                text31       000000
__Ltext32                                text32       000000
__Ltext33                                text33       000000
__Ltext4                                 text4        000000
__Ltext5                                 text5        000000
__Ltext6                                 text6        000000
__Ltext7                                 text7        000000
__Ltext8                                 text8        000000
__Ltext9                                 text9        000000
__S0                                     (abs)        0025C8
__S1                                     (abs)        000130
__S4                                     (abs)        000000
__S5                                     (abs)        000000
___awdiv                                 text20       001A04
___awdiv@counter                         cstackCOMRAM 000005
___awdiv@dividend                        cstackCOMRAM 000001
___awdiv@divisor                         cstackCOMRAM 000003
___awdiv@quotient                        cstackCOMRAM 000007
___awdiv@sign                            cstackCOMRAM 000006
___awmod                                 text19       001B7E
___awmod@counter                         cstackCOMRAM 000005
___awmod@dividend                        cstackCOMRAM 000001
___awmod@divisor                         cstackCOMRAM 000003
___awmod@sign                            cstackCOMRAM 000006
___heap_hi                               (abs)        000000
___heap_lo                               (abs)        000000
___inthi_sp                              stack        000000
___intlo_sp                              stack        000000
___param_bank                            (abs)        000000
___rparam_used                           (abs)        000001
___sp                                    stack        000000
__accesstop                              (abs)        000080
__activetblptr                           (abs)        000003
__end_of_ECU_Layer_initialize            text23       0025BA
__end_of___awdiv                         text20       001AC8
__end_of___awmod                         text19       001C2E
__end_of__initialization                 cinit        002032
__end_of_abs                             text18       0024C0
__end_of_application_initialize          text22       0025C6
__end_of_convert_uint_8_string           text9        0023A0
__end_of_dtoa                            text13       0011CA
__end_of_fputc                           text16       001A04
__end_of_fputs                           text15       002480
__end_of_gpio_pin_direction_intialize    text33       001484
__end_of_gpio_pin_intialize              text31       0022DE
__end_of_gpio_pin_write_logic            text32       0015C0
__end_of_lcd_4_bit_initialize            text27       00193A
__end_of_lcd_4_bit_send_char_data        text8        002124
__end_of_lcd_4_bit_send_command          text28       002196
__end_of_lcd_4_bit_send_custom_char      text5        001FBA
__end_of_lcd_4_bit_send_string_position  text6        002272
__end_of_lcd_4bit_send_enable_signal     text30       002538
__end_of_lcd_4bit_set_cursor             text7        001D7E
__end_of_lcd_8_bit_initialize            text24       001812
__end_of_lcd_8_bit_send_char_data        text4        001E0E
__end_of_lcd_8_bit_send_command          text25       001E9E
__end_of_lcd_8_bit_send_custom_char      text1        001F2C
__end_of_lcd_8_bit_send_string_position  text2        002204
__end_of_lcd_8bit_send_enable_signal     text26       0024FC
__end_of_lcd_8bit_set_cursor             text3        001CD6
__end_of_main                            text0        001B7E
__end_of_memset                          text21       001340
__end_of_pad                             text14       0020B2
__end_of_putch                           text17       0025C8
__end_of_send_4bit_data                  text29       002346
__end_of_sprintf                         text10       00243C
__end_of_vfpfcnvrt                       text12       0016EA
__end_of_vfprintf                        text11       0023F0
__initialization                         cinit        001FBA
__mediumconst                            mediumconst  000000
__pbssBANK0                              bssBANK0     0000B8
__pbssCOMRAM                             bssCOMRAM    00006E
__pcinit                                 cinit        001FBA
__pcstackCOMRAM                          cstackCOMRAM 000001
__pdataBANK0                             dataBANK0    000080
__pdataBANK1                             dataBANK1    000100
__pdataCOMRAM                            dataCOMRAM   00007A
__pidataBANK0                            idataBANK0   002538
__pidataBANK1                            idataBANK1   002570
__pidataCOMRAM                           idataCOMRAM  0025BA
__psmallconst                            smallconst   001000
__ptext0                                 text0        001AC8
__ptext1                                 text1        001E9E
__ptext10                                text10       0023F0
__ptext11                                text11       0023A0
__ptext12                                text12       0015C0
__ptext13                                text13       001036
__ptext14                                text14       002038
__ptext15                                text15       00243C
__ptext16                                text16       00193A
__ptext17                                text17       0025C6
__ptext18                                text18       002480
__ptext19                                text19       001B7E
__ptext2                                 text2        002196
__ptext20                                text20       001A04
__ptext21                                text21       0011CA
__ptext22                                text22       0025C0
__ptext23                                text23       0025A0
__ptext24                                text24       0016EA
__ptext25                                text25       001E0E
__ptext26                                text26       0024C0
__ptext27                                text27       001812
__ptext28                                text28       002124
__ptext29                                text29       0022DE
__ptext3                                 text3        001C2E
__ptext30                                text30       0024FC
__ptext31                                text31       002272
__ptext32                                text32       001484
__ptext33                                text33       001340
__ptext4                                 text4        001D7E
__ptext5                                 text5        001F2C
__ptext6                                 text6        002204
__ptext7                                 text7        001CD6
__ptext8                                 text8        0020B2
__ptext9                                 text9        002346
__ramtop                                 ramtop       001000
__smallconst                             smallconst   001000
_abs                                     text18       002480
_application_initialize                  text22       0025C0
_convert_uint_8_string                   text9        002346
_dbuf                                    bssBANK0     0000B8
_dtoa                                    text13       001036
_dtoa$1399                               cstackCOMRAM 000020
_flags                                   bssCOMRAM    000072
_fputc                                   text16       00193A
_fputs                                   text15       00243C
_gpio_pin_direction_intialize            text33       001340
_gpio_pin_intialize                      text31       002272
_gpio_pin_write_logic                    text32       001484
_keypad_btn_values                       dataBANK1    000100
_lat_registers                           dataBANK0    00008A
_lcd_1                                   dataCOMRAM   00007A
_lcd_2                                   dataBANK0    0000AE
_lcd_4_bit_initialize                    text27       001812
_lcd_4_bit_send_char_data                text8        0020B2
_lcd_4_bit_send_command                  text28       002124
_lcd_4_bit_send_custom_char              text5        001F2C
_lcd_4_bit_send_string_position          text6        002204
_lcd_4bit_send_enable_signal             text30       0024FC
_lcd_4bit_set_cursor                     text7        001CD6
_lcd_8_bit_initialize                    text24       0016EA
_lcd_8_bit_send_char_data                text4        001D7E
_lcd_8_bit_send_command                  text25       001E0E
_lcd_8_bit_send_custom_char              text1        001E9E
_lcd_8_bit_send_string_position          text2        002196
_lcd_8bit_send_enable_signal             text26       0024C0
_lcd_8bit_set_cursor                     text3        001C2E
_main                                    text0        001AC8
_memset                                  text21       0011CA
_pad                                     text14       002038
_port_registers                          dataBANK0    000080
_prec                                    bssCOMRAM    000070
_putch                                   text17       0025C6
_send_4bit_data                          text29       0022DE
_sprintf                                 text10       0023F0
_tris_registers                          dataBANK0    000094
_vfpfcnvrt                               text12       0015C0
_vfprintf                                text11       0023A0
_width                                   bssCOMRAM    00006E
abs@a                                    cstackCOMRAM 000007
convert_uint_8_string@ret                cstackCOMRAM 000056
convert_uint_8_string@str                cstackCOMRAM 000053
convert_uint_8_string@value              cstackCOMRAM 000055
dtoa@d                                   cstackCOMRAM 00001E
dtoa@fp                                  cstackCOMRAM 00001C
dtoa@i                                   cstackCOMRAM 000026
dtoa@p                                   cstackCOMRAM 000022
dtoa@s                                   cstackCOMRAM 000028
dtoa@w                                   cstackCOMRAM 000024
end_of_initialization                    cinit        002032
fputc@c                                  cstackCOMRAM 000001
fputc@fp                                 cstackCOMRAM 000003
fputs@c                                  cstackCOMRAM 00000E
fputs@fp                                 cstackCOMRAM 00000C
fputs@i                                  cstackCOMRAM 00000F
fputs@s                                  cstackCOMRAM 00000A
gpio_pin_direction_intialize@pin_config  cstackCOMRAM 000001
gpio_pin_direction_intialize@ret         cstackCOMRAM 000009
gpio_pin_intialize@pin_config            cstackCOMRAM 00000B
gpio_pin_intialize@ret                   cstackCOMRAM 00000E
gpio_pin_write_logic@logic               cstackCOMRAM 000003
gpio_pin_write_logic@pin_config          cstackCOMRAM 000001
gpio_pin_write_logic@ret                 cstackCOMRAM 00000A
intlevel0                                text         000000
intlevel1                                text         000000
intlevel2                                text         000000
intlevel3                                text         000000
isa$std                                  (abs)        000001
isa$xinst                                (abs)        000000
lcd_4_bit_initialize@l_data_counter      cstackCOMRAM 000017
lcd_4_bit_initialize@lcd                 cstackCOMRAM 000013
lcd_4_bit_initialize@ret                 cstackCOMRAM 000018
lcd_4_bit_send_char_data@data            cstackCOMRAM 000011
lcd_4_bit_send_char_data@lcd             cstackCOMRAM 00000F
lcd_4_bit_send_char_data@ret             cstackCOMRAM 000012
lcd_4_bit_send_command@command           cstackCOMRAM 000011
lcd_4_bit_send_command@lcd               cstackCOMRAM 00000F
lcd_4_bit_send_command@ret               cstackCOMRAM 000012
lcd_4_bit_send_custom_char@chr           cstackCOMRAM 000023
lcd_4_bit_send_custom_char@colum         cstackCOMRAM 000026
lcd_4_bit_send_custom_char@lcd           cstackCOMRAM 000021
lcd_4_bit_send_custom_char@lcd_Counter   cstackCOMRAM 00002B
lcd_4_bit_send_custom_char@mm_pos        cstackCOMRAM 000027
lcd_4_bit_send_custom_char@ret           cstackCOMRAM 00002A
lcd_4_bit_send_custom_char@row           cstackCOMRAM 000025
lcd_4_bit_send_string_position@colum     cstackCOMRAM 00001F
lcd_4_bit_send_string_position@lcd       cstackCOMRAM 00001A
lcd_4_bit_send_string_position@ret       cstackCOMRAM 000020
lcd_4_bit_send_string_position@row       cstackCOMRAM 00001E
lcd_4_bit_send_string_position@str       cstackCOMRAM 00001C
lcd_4bit_send_enable_signal@lcd          cstackCOMRAM 00000B
lcd_4bit_send_enable_signal@ret          cstackCOMRAM 00000E
lcd_4bit_set_cursor@coulmn               cstackCOMRAM 000016
lcd_4bit_set_cursor@lcd                  cstackCOMRAM 000013
lcd_4bit_set_cursor@ret                  cstackCOMRAM 000019
lcd_4bit_set_cursor@row                  cstackCOMRAM 000015
lcd_8_bit_initialize@l_data_counter      cstackCOMRAM 00001C
lcd_8_bit_initialize@lcd                 cstackCOMRAM 000018
lcd_8_bit_initialize@ret                 cstackCOMRAM 00001D
lcd_8_bit_send_char_data@data            cstackCOMRAM 000011
lcd_8_bit_send_char_data@l_data_counter  cstackCOMRAM 000017
lcd_8_bit_send_char_data@lcd             cstackCOMRAM 00000F
lcd_8_bit_send_char_data@ret             cstackCOMRAM 000016
lcd_8_bit_send_command@command           cstackCOMRAM 000011
lcd_8_bit_send_command@l_command_counter cstackCOMRAM 000017
lcd_8_bit_send_command@lcd               cstackCOMRAM 00000F
lcd_8_bit_send_command@ret               cstackCOMRAM 000016
lcd_8_bit_send_custom_char@chr           cstackCOMRAM 000028
lcd_8_bit_send_custom_char@colum         cstackCOMRAM 00002B
lcd_8_bit_send_custom_char@lcd           cstackCOMRAM 000026
lcd_8_bit_send_custom_char@lcd_Counter   cstackCOMRAM 000030
lcd_8_bit_send_custom_char@mm_pos        cstackCOMRAM 00002C
lcd_8_bit_send_custom_char@ret           cstackCOMRAM 00002F
lcd_8_bit_send_custom_char@row           cstackCOMRAM 00002A
lcd_8_bit_send_string_position@colum     cstackCOMRAM 000024
lcd_8_bit_send_string_position@lcd       cstackCOMRAM 00001F
lcd_8_bit_send_string_position@ret       cstackCOMRAM 000025
lcd_8_bit_send_string_position@row       cstackCOMRAM 000023
lcd_8_bit_send_string_position@str       cstackCOMRAM 000021
lcd_8bit_send_enable_signal@lcd          cstackCOMRAM 00000B
lcd_8bit_send_enable_signal@ret          cstackCOMRAM 00000E
lcd_8bit_set_cursor@coulmn               cstackCOMRAM 00001B
lcd_8bit_set_cursor@lcd                  cstackCOMRAM 000018
lcd_8bit_set_cursor@ret                  cstackCOMRAM 00001E
lcd_8bit_set_cursor@row                  cstackCOMRAM 00001A
led_initialize@F3048                     bssCOMRAM    000079
led_toggle@F3063                         bssCOMRAM    000076
led_turn_off@F3058                       bssCOMRAM    000077
led_turn_on@F3053                        bssCOMRAM    000078
main@F3191                               dataBANK0    0000A6
main@F3193                               dataBANK0    00009E
main@custom_1                            cstackCOMRAM 000059
main@custom_2                            cstackCOMRAM 000061
main@lcd_Counter                         cstackCOMRAM 00006D
main@lcd_text                            cstackCOMRAM 000069
memset@c                                 cstackCOMRAM 000003
memset@dest                              cstackCOMRAM 000001
memset@k                                 cstackCOMRAM 000009
memset@n                                 cstackCOMRAM 000005
memset@s                                 cstackCOMRAM 00000B
pad@buf                                  cstackCOMRAM 000013
pad@fp                                   cstackCOMRAM 000011
pad@i                                    cstackCOMRAM 000018
pad@p                                    cstackCOMRAM 000015
pad@w                                    cstackCOMRAM 00001A
send_4bit_data@command                   cstackCOMRAM 00000D
send_4bit_data@lcd                       cstackCOMRAM 00000B
send_4bit_data@ret                       cstackCOMRAM 00000E
sprintf@ap                               cstackCOMRAM 000045
sprintf@f                                cstackCOMRAM 000047
sprintf@fmt                              cstackCOMRAM 000041
sprintf@s                                cstackCOMRAM 00003F
stackhi                                  (abs)        000000
stacklo                                  (abs)        000000
start                                    init         000000
start_initialization                     cinit        001FBA
vfpfcnvrt@ap                             cstackCOMRAM 00002D
vfpfcnvrt@convarg                        cstackCOMRAM 000031
vfpfcnvrt@cp                             cstackCOMRAM 000035
vfpfcnvrt@fmt                            cstackCOMRAM 00002B
vfpfcnvrt@fp                             cstackCOMRAM 000029
vfprintf@ap                              cstackCOMRAM 00003B
vfprintf@cfmt                            cstackCOMRAM 00003D
vfprintf@fmt                             cstackCOMRAM 000039
vfprintf@fp                              cstackCOMRAM 000037


MODULE INFORMATION

Module		Function		Class		Link	Load	Size
D:\Embeded-Compiler\pic\sources\c99\common\putch.c
		_putch         		CODE           	25C6	0000	2

D:\Embeded-Compiler\pic\sources\c99\common\putch.c estimated size: 2

D:\Embeded-Compiler\pic\sources\c99\common\nf_fputc.c
		_fputc         		CODE           	193A	0000	202

D:\Embeded-Compiler\pic\sources\c99\common\nf_fputc.c estimated size: 202

D:\Embeded-Compiler\pic\sources\c99\common\abs.c
		_abs           		CODE           	2480	0000	64

D:\Embeded-Compiler\pic\sources\c99\common\abs.c estimated size: 64

D:\Embeded-Compiler\pic\sources\c99\common\awmod.c
		___awmod       		CODE           	1B7E	0000	176

D:\Embeded-Compiler\pic\sources\c99\common\awmod.c estimated size: 176

ECU_Layer/LCD/ecu_LCD.c
		_lcd_8_bit_initialize		CODE           	16EA	0000	296
		_lcd_8_bit_send_string_position		CODE           	2196	0000	110
		_lcd_8bit_set_cursor		CODE           	1C2E	0000	168
		_lcd_8bit_send_enable_signal		CODE           	24C0	0000	60
		_convert_uint_8_string		CODE           	2346	0000	90
		_lcd_8_bit_send_char_data		CODE           	1D7E	0000	144
		_lcd_4_bit_initialize		CODE           	1812	0000	296
		_lcd_4_bit_send_string_position		CODE           	2204	0000	110
		_lcd_4bit_set_cursor		CODE           	1CD6	0000	168
		_lcd_8_bit_send_custom_char		CODE           	1E9E	0000	142
		_lcd_4bit_send_enable_signal		CODE           	24FC	0000	60
		_lcd_8_bit_send_command		CODE           	1E0E	0000	144
		_lcd_4_bit_send_char_data		CODE           	20B2	0000	114
		_send_4bit_data		CODE           	22DE	0000	104
		_lcd_4_bit_send_custom_char		CODE           	1F2C	0000	142
		_lcd_4_bit_send_command		CODE           	2124	0000	114

ECU_Layer/LCD/ecu_LCD.c estimated size: 2262

D:\Embeded-Compiler\pic\sources\c99\common\memset.c
		_memset        		CODE           	11CA	0000	374

D:\Embeded-Compiler\pic\sources\c99\common\memset.c estimated size: 374

D:\Embeded-Compiler\pic\sources\c99\common\doprnt.c
		_vfpfcnvrt     		CODE           	15C0	0000	298
		_pad           		CODE           	2038	0000	122
		_dtoa          		CODE           	1036	0000	404
		_vfprintf      		CODE           	23A0	0000	80

D:\Embeded-Compiler\pic\sources\c99\common\doprnt.c estimated size: 904

D:\Embeded-Compiler\pic\sources\c99\common\awdiv.c
		___awdiv       		CODE           	1A04	0000	196

D:\Embeded-Compiler\pic\sources\c99\common\awdiv.c estimated size: 196

D:\Embeded-Compiler\pic\sources\c99\common\nf_fputs.c
		_fputs         		CODE           	243C	0000	68

D:\Embeded-Compiler\pic\sources\c99\common\nf_fputs.c estimated size: 68

shared
		__initialization		CODE           	1FBA	0000	120

shared estimated size: 120

ECU_Layer/ecu_init.c
		_ECU_Layer_initialize		CODE           	25A0	0000	26

ECU_Layer/ecu_init.c estimated size: 26

MCAL_Layer/GPIO/hal_gpio.c
		_gpio_pin_write_logic		CODE           	1484	0000	316
		_gpio_pin_intialize		CODE           	2272	0000	108
		_gpio_pin_direction_intialize		CODE           	1340	0000	324

MCAL_Layer/GPIO/hal_gpio.c estimated size: 748

application.c
		_application_initialize		CODE           	25C0	0000	6
		_main          		CODE           	1AC8	0000	182

application.c estimated size: 188

D:\Embeded-Compiler\pic\sources\c99\common\nf_sprintf.c
		_sprintf       		CODE           	23F0	0000	76

D:\Embeded-Compiler\pic\sources\c99\common\nf_sprintf.c estimated size: 76

